
> main@0.0.0 build
> tsc -b && vite build

src/components/admin/DistributorSelector.tsx(15,37): error TS2339: Property 'getDistributors' does not exist on type 'AdminService'.
src/components/admin/forms/ConfigForm.tsx(44,47): error TS2339: Property 'updateSystemConfig' does not exist on type 'AdminService'.
src/components/charts/OptimizedRealtimeChart.tsx(52,24): error TS2554: Expected 1 arguments, but got 0.
src/components/map/SharedMap.tsx(566,9): error TS6133: 'scheduleClose' is declared but its value is never read.
src/components/Navbar.tsx(20,13): error TS2367: This comparison appears to be unintentional because the types 'UserRole | undefined' and '"admin"' have no overlap.
src/components/Navbar.tsx(134,45): error TS2367: This comparison appears to be unintentional because the types '"community_admin" | "customer"' and '"admin"' have no overlap.
src/components/Navbar.tsx(137,45): error TS2367: This comparison appears to be unintentional because the types '"community_admin" | "customer"' and '"admin"' have no overlap.
src/components/StaleDataBadge.tsx(3,15): error TS2305: Module '"../hooks/useStaleDataAge"' has no exported member 'StalenessLevel'.
src/components/StaleDataBadge.tsx(30,20): error TS2339: Property 'level' does not exist on type '{ label: string | null; }'.
src/components/StaleDataBadge.tsx(30,46): error TS2345: Argument of type 'string | null | undefined' is not assignable to parameter of type 'string | null'.
  Type 'undefined' is not assignable to type 'string | null'.
src/context/TenancyContext.tsx(27,33): error TS2339: Property 'getDistributors' does not exist on type 'AdminService'.
src/context/TenancyContext.tsx(36,9): error TS2367: This comparison appears to be unintentional because the types 'UserRole | undefined' and '"distributor"' have no overlap.
src/hooks/useCustomerMutations.ts(26,33): error TS6133: 'updateData' is declared but its value is never read.
src/hooks/useCustomerMutations.ts(36,24): error TS6133: 'id' is declared but its value is never read.
src/hooks/useDeviceMutations.ts(16,39): error TS2339: Property 'createDevice' does not exist on type 'AdminService'.
src/hooks/useDeviceMutations.ts(27,33): error TS6133: 'updateData' is declared but its value is never read.
src/hooks/useDeviceMutations.ts(41,24): error TS6133: 'id' is declared but its value is never read.
src/hooks/useNodes.ts(102,59): error TS6133: 'updatedNode' is declared but its value is never read.
src/hooks/useOptimisticMutations.ts(15,33): error TS2339: Property 'createDevice' does not exist on type 'AdminService'.
src/hooks/useOptimisticMutations.ts(33,15): error TS6133: 'err' is declared but its value is never read.
src/hooks/useOptimisticMutations.ts(33,20): error TS6133: 'newDevice' is declared but its value is never read.
src/hooks/useOptimisticMutations.ts(44,33): error TS6133: 'updateData' is declared but its value is never read.
src/hooks/useOptimisticMutations.ts(58,15): error TS6133: 'err' is declared but its value is never read.
src/hooks/useOptimisticMutations.ts(58,20): error TS6133: 'variables' is declared but its value is never read.
src/hooks/useOptimisticMutations.ts(69,24): error TS6133: 'id' is declared but its value is never read.
src/hooks/useOptimisticMutations.ts(82,15): error TS6133: 'err' is declared but its value is never read.
src/hooks/useOptimisticMutations.ts(82,20): error TS6133: 'id' is declared but its value is never read.
src/hooks/useRealtime.ts(27,50): error TS2551: Property 'subscribeToDeviceUpdates' does not exist on type 'NodeService'. Did you mean 'subscribeToNodeUpdates'?
src/hooks/useRealtime.ts(34,50): error TS2551: Property 'subscribeToNewDevices' does not exist on type 'NodeService'. Did you mean 'subscribeToNewNodes'?
src/hooks/useTankCalcs.ts(33,9): error TS2367: This comparison appears to be unintentional because the types 'TankShape | undefined' and '"cylinder"' have no overlap.
src/hooks/useTelemetryHistory.ts(17,10): error TS2305: Module '"../utils/telemetryPipeline"' has no exported member 'timeRangeToResults'.
src/hooks/useTelemetryHistory.ts(17,35): error TS2305: Module '"../utils/telemetryPipeline"' has no exported member 'TimeRange'.
src/hooks/useTelemetryLatest.ts(113,73): error TS2554: Expected 1 arguments, but got 2.
src/hooks/useUnifiedDevices.ts(59,34): error TS2551: Property 'getDeviceDetails' does not exist on type 'NodeService'. Did you mean 'getNodeDetails'?
src/pages/Admin.tsx(299,7): error TS2352: Conversion of type 'Promise<import("C:/Users/yasha_ambulkar/Documents/MAIN/MAIN/client/src/services/admin").AdminStats>' to type 'Promise<AdminStats>' may be a mistake because neither type sufficiently overlaps with the other. If this was intentional, convert the expression to 'unknown' first.
  Type 'AdminStats' is missing the following properties from type 'AdminStats': active_alerts, total_regions, weekly_growth, system_stability
src/pages/Admin.tsx(300,9): error TS2554: Expected 0 arguments, but got 1.
src/pages/Admin.tsx(309,33): error TS2554: Expected 0 arguments, but got 2.
src/pages/admin/AdminConfig.tsx(10,18): error TS2367: This comparison appears to be unintentional because the types 'UserRole | undefined' and '"distributor"' have no overlap.
src/pages/admin/AdminCustomers.tsx(62,9): error TS6133: 'isInitialLoad' is declared but its value is never read.
src/pages/admin/hierarchy/CommunityCustomers.tsx(95,9): error TS6133: 'isInitialLoad' is declared but its value is never read.
src/pages/admin/hierarchy/ZoneCommunities.tsx(86,9): error TS6133: 'isInitialLoad' is declared but its value is never read.
src/pages/Alerts.tsx(11,8): error TS2305: Module '"../services/admin"' has no exported member 'AlertRule'.
src/pages/Alerts.tsx(12,8): error TS2305: Module '"../services/admin"' has no exported member 'AlertHistory'.
src/pages/Alerts.tsx(35,22): error TS2339: Property 'getAlertRules' does not exist on type 'AdminService'.
src/pages/Alerts.tsx(36,22): error TS2339: Property 'getActiveAlerts' does not exist on type 'AdminService'.
src/pages/Alerts.tsx(58,26): error TS2339: Property 'createAlertRule' does not exist on type 'AdminService'.
src/pages/Alerts.tsx(69,26): error TS2339: Property 'deleteAlertRule' does not exist on type 'AdminService'.
src/pages/DeviceDetails.tsx(8,30): error TS2305: Module '"../services/DeviceService"' has no exported member 'DeviceDetails'.
src/pages/DeviceDetails.tsx(26,46): error TS2551: Property 'getDeviceDetails' does not exist on type 'NodeService'. Did you mean 'getNodeDetails'?
src/pages/DeviceDetails.tsx(42,33): error TS2339: Property 'updateDeviceShadow' does not exist on type 'NodeService'.
src/pages/DeviceDetails.tsx(45,23): error TS7006: Parameter 'prev' implicitly has an 'any' type.
src/pages/DeviceDetails.tsx(76,60): error TS2551: Property 'exportDeviceReadings' does not exist on type 'NodeService'. Did you mean 'exportNodeReadings'?
src/pages/EvaraTank.tsx(23,23): error TS2551: Property 'getDeviceDetails' does not exist on type 'NodeService'. Did you mean 'getNodeDetails'?
src/pages/Login.tsx(1,20): error TS6133: 'useEffect' is declared but its value is never read.
src/pages/Provisioning.tsx(26,42): error TS2339: Property 'claimDevice' does not exist on type 'NodeService'.
src/pages/Users.tsx(4,29): error TS2305: Module '"../services/admin"' has no exported member 'Profile'.
src/pages/Users.tsx(36,32): error TS2339: Property 'updateProfileRole' does not exist on type 'AdminService'.
